Archive member included because of file (symbol)

f:/iti/01- embedded systems avr tools/01- imt sdk/imt_sdk_win_64/winavr/bin/../lib/gcc/avr/4.3.3/avr5\libgcc.a(_mulsi3.o)
                              ./HAL/SERVO/HSERVO_program.o (__mulsi3)
f:/iti/01- embedded systems avr tools/01- imt sdk/imt_sdk_win_64/winavr/bin/../lib/gcc/avr/4.3.3/avr5\libgcc.a(_udivmodsi4.o)
                              ./HAL/SERVO/HSERVO_program.o (__udivmodsi4)
f:/iti/01- embedded systems avr tools/01- imt sdk/imt_sdk_win_64/winavr/bin/../lib/gcc/avr/4.3.3/avr5\libgcc.a(_exit.o)
                              f:/iti/01- embedded systems avr tools/01- imt sdk/imt_sdk_win_64/winavr/bin/../lib/gcc/avr/4.3.3/../../../../avr/lib/avr5/crtm32.o (exit)
f:/iti/01- embedded systems avr tools/01- imt sdk/imt_sdk_win_64/winavr/bin/../lib/gcc/avr/4.3.3/avr5\libgcc.a(_copy_data.o)
                              ./SERVICES/DDS/DDS_program.o (__do_copy_data)
f:/iti/01- embedded systems avr tools/01- imt sdk/imt_sdk_win_64/winavr/bin/../lib/gcc/avr/4.3.3/avr5\libgcc.a(_clear_bss.o)
                              ./SERVICES/RTOS/RTOS_program.o (__do_clear_bss)
f:/iti/01- embedded systems avr tools/01- imt sdk/imt_sdk_win_64/winavr/bin/../lib/gcc/avr/4.3.3/avr5\libgcc.a(_ashldi3.o)
                              ./SERVICES/DDS/DDS_program.o (__ashldi3)
f:/iti/01- embedded systems avr tools/01- imt sdk/imt_sdk_win_64/winavr/bin/../lib/gcc/avr/4.3.3/avr5\libgcc.a(_udivdi3.o)
                              ./SERVICES/DDS/DDS_program.o (__udivdi3)
f:/iti/01- embedded systems avr tools/01- imt sdk/imt_sdk_win_64/winavr/bin/../lib/gcc/avr/4.3.3/avr5\libgcc.a(_prologue.o)
                              f:/iti/01- embedded systems avr tools/01- imt sdk/imt_sdk_win_64/winavr/bin/../lib/gcc/avr/4.3.3/avr5\libgcc.a(_udivdi3.o) (__prologue_saves__)
f:/iti/01- embedded systems avr tools/01- imt sdk/imt_sdk_win_64/winavr/bin/../lib/gcc/avr/4.3.3/avr5\libgcc.a(_epilogue.o)
                              f:/iti/01- embedded systems avr tools/01- imt sdk/imt_sdk_win_64/winavr/bin/../lib/gcc/avr/4.3.3/avr5\libgcc.a(_udivdi3.o) (__epilogue_restores__)
f:/iti/01- embedded systems avr tools/01- imt sdk/imt_sdk_win_64/winavr/bin/../lib/gcc/avr/4.3.3/avr5\libgcc.a(_clz.o)
                              f:/iti/01- embedded systems avr tools/01- imt sdk/imt_sdk_win_64/winavr/bin/../lib/gcc/avr/4.3.3/avr5\libgcc.a(_udivdi3.o) (__clz_tab)

Memory Configuration

Name             Origin             Length             Attributes
text             0x00000000         0x00020000         xr
data             0x00800060         0x0000ffa0         rw !x
eeprom           0x00810000         0x00010000         rw !x
fuse             0x00820000         0x00000400         rw !x
lock             0x00830000         0x00000400         rw !x
signature        0x00840000         0x00000400         rw !x
*default*        0x00000000         0xffffffff

Linker script and memory map

LOAD f:/iti/01- embedded systems avr tools/01- imt sdk/imt_sdk_win_64/winavr/bin/../lib/gcc/avr/4.3.3/../../../../avr/lib/avr5/crtm32.o
LOAD ./SERVICES/RTOS/RTOS_program.o
LOAD ./SERVICES/DDS/DDS_lut.o
LOAD ./SERVICES/DDS/DDS_program.o
LOAD ./MCAL/USART/MUSART_program.o
LOAD ./MCAL/TIMER/MTIMER_program.o
LOAD ./MCAL/SPI/MSPI_program.o
LOAD ./MCAL/I2C/MI2C_program.o
LOAD ./MCAL/EXTI/MEXTI_program.o
LOAD ./MCAL/EEPROM/MEEPROM_program.o
LOAD ./MCAL/DIO/MDIO_program.o
LOAD ./MCAL/ADC/MADC_program.o
LOAD ./HAL/SSD/HSSD_program.o
LOAD ./HAL/SERVO/HSERVO_program.o
LOAD ./HAL/PB/HPB_program.o
LOAD ./HAL/LM35/HLM35_program.o
LOAD ./HAL/LED/HLED_program.o
LOAD ./HAL/LCD_I2C/HLCD_I2C_program.o
LOAD ./HAL/LCD/HLCD_program.o
LOAD ./HAL/KPD_I2C/KPD_I2C_program.o
LOAD ./HAL/KPD/KPD_program.o
LOAD ./HAL/EEPROM/HEEPROM_program.o
LOAD ./HAL/DCMOTOR/HDCMOTOR_program.o
LOAD ./HAL/BUZZER/HBUZZER_program.o
LOAD ./APP/main.o
LOAD f:/iti/01- embedded systems avr tools/01- imt sdk/imt_sdk_win_64/winavr/bin/../lib/gcc/avr/4.3.3/avr5\libgcc.a
LOAD f:/iti/01- embedded systems avr tools/01- imt sdk/imt_sdk_win_64/winavr/bin/../lib/gcc/avr/4.3.3/../../../../avr/lib/avr5\libc.a
LOAD f:/iti/01- embedded systems avr tools/01- imt sdk/imt_sdk_win_64/winavr/bin/../lib/gcc/avr/4.3.3/avr5\libgcc.a

.hash
 *(.hash)

.dynsym
 *(.dynsym)

.dynstr
 *(.dynstr)

.gnu.version
 *(.gnu.version)

.gnu.version_d
 *(.gnu.version_d)

.gnu.version_r
 *(.gnu.version_r)

.rel.init
 *(.rel.init)

.rela.init
 *(.rela.init)

.rel.text
 *(.rel.text)
 *(.rel.text.*)
 *(.rel.gnu.linkonce.t*)

.rela.text
 *(.rela.text)
 *(.rela.text.*)
 *(.rela.gnu.linkonce.t*)

.rel.fini
 *(.rel.fini)

.rela.fini
 *(.rela.fini)

.rel.rodata
 *(.rel.rodata)
 *(.rel.rodata.*)
 *(.rel.gnu.linkonce.r*)

.rela.rodata
 *(.rela.rodata)
 *(.rela.rodata.*)
 *(.rela.gnu.linkonce.r*)

.rel.data
 *(.rel.data)
 *(.rel.data.*)
 *(.rel.gnu.linkonce.d*)

.rela.data
 *(.rela.data)
 *(.rela.data.*)
 *(.rela.gnu.linkonce.d*)

.rel.ctors
 *(.rel.ctors)

.rela.ctors
 *(.rela.ctors)

.rel.dtors
 *(.rel.dtors)

.rela.dtors
 *(.rela.dtors)

.rel.got
 *(.rel.got)

.rela.got
 *(.rela.got)

.rel.bss
 *(.rel.bss)

.rela.bss
 *(.rela.bss)

.rel.plt
 *(.rel.plt)

.rela.plt
 *(.rela.plt)

.text           0x00000000     0x3b14
 *(.vectors)
 .vectors       0x00000000       0x54 f:/iti/01- embedded systems avr tools/01- imt sdk/imt_sdk_win_64/winavr/bin/../lib/gcc/avr/4.3.3/../../../../avr/lib/avr5/crtm32.o
                0x00000000                __vectors
                0x00000000                __vector_default
 *(.vectors)
 *(.progmem.gcc*)
 *(.progmem*)
 .progmem.data  0x00000054      0x200 ./SERVICES/DDS/DDS_lut.o
                0x00000054                DDS_au8SineLUT
                0x00000154                DDS_au8SaddleLUT
                0x00000254                . = ALIGN (0x2)
                0x00000254                __trampolines_start = .
 *(.trampolines)
 .trampolines   0x00000254        0x0 linker stubs
 *(.trampolines*)
                0x00000254                __trampolines_end = .
 *(.jumptables)
 *(.jumptables*)
 *(.lowtext)
 *(.lowtext*)
                0x00000254                __ctors_start = .
 *(.ctors)
                0x00000254                __ctors_end = .
                0x00000254                __dtors_start = .
 *(.dtors)
                0x00000254                __dtors_end = .
 SORT(*)(.ctors)
 SORT(*)(.dtors)
 *(.init0)
 .init0         0x00000254        0x0 f:/iti/01- embedded systems avr tools/01- imt sdk/imt_sdk_win_64/winavr/bin/../lib/gcc/avr/4.3.3/../../../../avr/lib/avr5/crtm32.o
                0x00000254                __init
 *(.init0)
 *(.init1)
 *(.init1)
 *(.init2)
 .init2         0x00000254        0xc f:/iti/01- embedded systems avr tools/01- imt sdk/imt_sdk_win_64/winavr/bin/../lib/gcc/avr/4.3.3/../../../../avr/lib/avr5/crtm32.o
 *(.init2)
 *(.init3)
 *(.init3)
 *(.init4)
 .init4         0x00000260       0x16 f:/iti/01- embedded systems avr tools/01- imt sdk/imt_sdk_win_64/winavr/bin/../lib/gcc/avr/4.3.3/avr5\libgcc.a(_copy_data.o)
                0x00000260                __do_copy_data
 .init4         0x00000276       0x10 f:/iti/01- embedded systems avr tools/01- imt sdk/imt_sdk_win_64/winavr/bin/../lib/gcc/avr/4.3.3/avr5\libgcc.a(_clear_bss.o)
                0x00000276                __do_clear_bss
 *(.init4)
 *(.init5)
 *(.init5)
 *(.init6)
 *(.init6)
 *(.init7)
 *(.init7)
 *(.init8)
 *(.init8)
 *(.init9)
 .init9         0x00000286        0x8 f:/iti/01- embedded systems avr tools/01- imt sdk/imt_sdk_win_64/winavr/bin/../lib/gcc/avr/4.3.3/../../../../avr/lib/avr5/crtm32.o
 *(.init9)
 *(.text)
 .text          0x0000028e        0x4 f:/iti/01- embedded systems avr tools/01- imt sdk/imt_sdk_win_64/winavr/bin/../lib/gcc/avr/4.3.3/../../../../avr/lib/avr5/crtm32.o
                0x0000028e                __vector_12
                0x0000028e                __bad_interrupt
                0x0000028e                __vector_6
                0x0000028e                __vector_3
                0x0000028e                __vector_11
                0x0000028e                __vector_13
                0x0000028e                __vector_17
                0x0000028e                __vector_19
                0x0000028e                __vector_7
                0x0000028e                __vector_2
                0x0000028e                __vector_15
                0x0000028e                __vector_8
                0x0000028e                __vector_14
                0x0000028e                __vector_10
                0x0000028e                __vector_16
                0x0000028e                __vector_18
                0x0000028e                __vector_20
 .text          0x00000292        0x0 ./SERVICES/RTOS/RTOS_program.o
 .text          0x00000292        0x0 ./SERVICES/DDS/DDS_lut.o
 .text          0x00000292        0x0 ./SERVICES/DDS/DDS_program.o
 .text          0x00000292        0x0 ./MCAL/USART/MUSART_program.o
 .text          0x00000292        0x0 ./MCAL/TIMER/MTIMER_program.o
 .text          0x00000292        0x0 ./MCAL/SPI/MSPI_program.o
 .text          0x00000292        0x0 ./MCAL/I2C/MI2C_program.o
 .text          0x00000292        0x0 ./MCAL/EXTI/MEXTI_program.o
 .text          0x00000292        0x0 ./MCAL/EEPROM/MEEPROM_program.o
 .text          0x00000292        0x0 ./MCAL/DIO/MDIO_program.o
 .text          0x00000292        0x0 ./MCAL/ADC/MADC_program.o
 .text          0x00000292        0x0 ./HAL/SSD/HSSD_program.o
 .text          0x00000292        0x0 ./HAL/SERVO/HSERVO_program.o
 .text          0x00000292        0x0 ./HAL/PB/HPB_program.o
 .text          0x00000292        0x0 ./HAL/LM35/HLM35_program.o
 .text          0x00000292        0x0 ./HAL/LED/HLED_program.o
 .text          0x00000292        0x0 ./HAL/LCD_I2C/HLCD_I2C_program.o
 .text          0x00000292        0x0 ./HAL/LCD/HLCD_program.o
 .text          0x00000292        0x0 ./HAL/KPD_I2C/KPD_I2C_program.o
 .text          0x00000292        0x0 ./HAL/KPD/KPD_program.o
 .text          0x00000292        0x0 ./HAL/EEPROM/HEEPROM_program.o
 .text          0x00000292        0x0 ./HAL/DCMOTOR/HDCMOTOR_program.o
 .text          0x00000292        0x0 ./HAL/BUZZER/HBUZZER_program.o
 .text          0x00000292        0x0 ./APP/main.o
 .text          0x00000292        0x0 f:/iti/01- embedded systems avr tools/01- imt sdk/imt_sdk_win_64/winavr/bin/../lib/gcc/avr/4.3.3/avr5\libgcc.a(_mulsi3.o)
 .text          0x00000292        0x0 f:/iti/01- embedded systems avr tools/01- imt sdk/imt_sdk_win_64/winavr/bin/../lib/gcc/avr/4.3.3/avr5\libgcc.a(_udivmodsi4.o)
 .text          0x00000292        0x0 f:/iti/01- embedded systems avr tools/01- imt sdk/imt_sdk_win_64/winavr/bin/../lib/gcc/avr/4.3.3/avr5\libgcc.a(_exit.o)
 .text          0x00000292        0x0 f:/iti/01- embedded systems avr tools/01- imt sdk/imt_sdk_win_64/winavr/bin/../lib/gcc/avr/4.3.3/avr5\libgcc.a(_copy_data.o)
 .text          0x00000292        0x0 f:/iti/01- embedded systems avr tools/01- imt sdk/imt_sdk_win_64/winavr/bin/../lib/gcc/avr/4.3.3/avr5\libgcc.a(_clear_bss.o)
 .text          0x00000292       0xfe f:/iti/01- embedded systems avr tools/01- imt sdk/imt_sdk_win_64/winavr/bin/../lib/gcc/avr/4.3.3/avr5\libgcc.a(_ashldi3.o)
                0x00000292                __ashldi3
 .text          0x00000390      0xcea f:/iti/01- embedded systems avr tools/01- imt sdk/imt_sdk_win_64/winavr/bin/../lib/gcc/avr/4.3.3/avr5\libgcc.a(_udivdi3.o)
                0x00000390                __udivdi3
 .text          0x0000107a        0x0 f:/iti/01- embedded systems avr tools/01- imt sdk/imt_sdk_win_64/winavr/bin/../lib/gcc/avr/4.3.3/avr5\libgcc.a(_prologue.o)
 .text          0x0000107a        0x0 f:/iti/01- embedded systems avr tools/01- imt sdk/imt_sdk_win_64/winavr/bin/../lib/gcc/avr/4.3.3/avr5\libgcc.a(_epilogue.o)
 .text          0x0000107a        0x0 f:/iti/01- embedded systems avr tools/01- imt sdk/imt_sdk_win_64/winavr/bin/../lib/gcc/avr/4.3.3/avr5\libgcc.a(_clz.o)
                0x0000107a                . = ALIGN (0x2)
 *(.text.*)
 .text.RTOS_u8CreateTask
                0x0000107a       0x84 ./SERVICES/RTOS/RTOS_program.o
                0x0000107a                RTOS_u8CreateTask
 .text.RTOS_u8DeleteTask
                0x000010fe       0x4a ./SERVICES/RTOS/RTOS_program.o
                0x000010fe                RTOS_u8DeleteTask
 .text.RTOS_u8SuspendTask
                0x00001148       0x2c ./SERVICES/RTOS/RTOS_program.o
                0x00001148                RTOS_u8SuspendTask
 .text.RTOS_u8ResumeTask
                0x00001174       0x36 ./SERVICES/RTOS/RTOS_program.o
                0x00001174                RTOS_u8ResumeTask
 .text.RTOS_voidStart
                0x000011aa       0x52 ./SERVICES/RTOS/RTOS_program.o
                0x000011aa                RTOS_voidStart
 .text.RTOS_voidSchedulerTick
                0x000011fc       0x3c ./SERVICES/RTOS/RTOS_program.o
                0x000011fc                RTOS_voidSchedulerTick
 .text.RTOS_voidInit
                0x00001238       0x40 ./SERVICES/RTOS/RTOS_program.o
                0x00001238                RTOS_voidInit
 .text.DDS_voidInit
                0x00001278       0x66 ./SERVICES/DDS/DDS_program.o
                0x00001278                DDS_voidInit
 .text.DDS_voidSetWaveform
                0x000012de       0x10 ./SERVICES/DDS/DDS_program.o
                0x000012de                DDS_voidSetWaveform
 .text.DDS_u8GetWaveform
                0x000012ee        0x6 ./SERVICES/DDS/DDS_program.o
                0x000012ee                DDS_u8GetWaveform
 .text.DDS_voidCycleWaveform
                0x000012f4       0x12 ./SERVICES/DDS/DDS_program.o
                0x000012f4                DDS_voidCycleWaveform
 .text.DDS_pcGetWaveformName
                0x00001306       0x14 ./SERVICES/DDS/DDS_program.o
                0x00001306                DDS_pcGetWaveformName
 .text.DDS_voidSetFrequency
                0x0000131a       0xd2 ./SERVICES/DDS/DDS_program.o
                0x0000131a                DDS_voidSetFrequency
 .text.DDS_u32GetFrequency
                0x000013ec       0x12 ./SERVICES/DDS/DDS_program.o
                0x000013ec                DDS_u32GetFrequency
 .text.DDS_voidIncrementFrequency
                0x000013fe       0x86 ./SERVICES/DDS/DDS_program.o
                0x000013fe                DDS_voidIncrementFrequency
 .text.DDS_voidDecrementFrequency
                0x00001484       0x90 ./SERVICES/DDS/DDS_program.o
                0x00001484                DDS_voidDecrementFrequency
 .text.__vector_9
                0x00001514       0xfc ./SERVICES/DDS/DDS_program.o
                0x00001514                __vector_9
 .text.USART_voidInit
                0x00001610       0x12 ./MCAL/USART/MUSART_program.o
                0x00001610                USART_voidInit
 .text.USART_enumTransmit
                0x00001622        0xa ./MCAL/USART/MUSART_program.o
                0x00001622                USART_enumTransmit
 .text.USART_enumReceive
                0x0000162c       0x16 ./MCAL/USART/MUSART_program.o
                0x0000162c                USART_enumReceive
 .text.USART_u8IsRxReady
                0x00001642        0xa ./MCAL/USART/MUSART_program.o
                0x00001642                USART_u8IsRxReady
 .text.USART_enumTransmitString
                0x0000164c       0x22 ./MCAL/USART/MUSART_program.o
                0x0000164c                USART_enumTransmitString
 .text.MTIMER_voidInit
                0x0000166e       0x18 ./MCAL/TIMER/MTIMER_program.o
                0x0000166e                MTIMER_voidInit
 .text.MTIMER_voidEnableGlobal
                0x00001686        0x8 ./MCAL/TIMER/MTIMER_program.o
                0x00001686                MTIMER_voidEnableGlobal
 .text.MTIMER_u32GetMillis
                0x0000168e       0x1a ./MCAL/TIMER/MTIMER_program.o
                0x0000168e                MTIMER_u32GetMillis
 .text.MTIMER_u8SetOverflowCallback
                0x000016a8       0x1c ./MCAL/TIMER/MTIMER_program.o
                0x000016a8                MTIMER_u8SetOverflowCallback
 .text.MTIMER_u8SetCompareCallback
                0x000016c4       0x1c ./MCAL/TIMER/MTIMER_program.o
                0x000016c4                MTIMER_u8SetCompareCallback
 .text.MTIMER_u8IsIntervalElapsed
                0x000016e0       0x72 ./MCAL/TIMER/MTIMER_program.o
                0x000016e0                MTIMER_u8IsIntervalElapsed
 .text.MTIMER_voidDelayMs
                0x00001752       0x52 ./MCAL/TIMER/MTIMER_program.o
                0x00001752                MTIMER_voidDelayMs
 .text.MTIMER_voidSetCompareIntState
                0x000017a4       0x1e ./MCAL/TIMER/MTIMER_program.o
                0x000017a4                MTIMER_voidSetCompareIntState
 .text.__vector_4
                0x000017c2       0x78 ./MCAL/TIMER/MTIMER_program.o
                0x000017c2                __vector_4
 .text.__vector_5
                0x0000183a       0x52 ./MCAL/TIMER/MTIMER_program.o
                0x0000183a                __vector_5
 .text.SPI_voidInit
                0x0000188c       0x14 ./MCAL/SPI/MSPI_program.o
                0x0000188c                SPI_voidInit
 .text.SPI_enumTransceive
                0x000018a0       0x46 ./MCAL/SPI/MSPI_program.o
                0x000018a0                SPI_enumTransceive
 .text.SPI_enumTransmit
                0x000018e6       0x1e ./MCAL/SPI/MSPI_program.o
                0x000018e6                SPI_enumTransmit
 .text.SPI_enumReceive
                0x00001904       0x12 ./MCAL/SPI/MSPI_program.o
                0x00001904                SPI_enumReceive
 .text.SPI_enumWaitForTransfer
                0x00001916       0x2a ./MCAL/SPI/MSPI_program.o
                0x00001916                SPI_enumWaitForTransfer
 .text.SPI_enumTransmitBuffer
                0x00001940       0x4c ./MCAL/SPI/MSPI_program.o
                0x00001940                SPI_enumTransmitBuffer
 .text.SPI_enumReceiveBuffer
                0x0000198c       0x4c ./MCAL/SPI/MSPI_program.o
                0x0000198c                SPI_enumReceiveBuffer
 .text.SPI_enumSetCallback
                0x000019d8        0xc ./MCAL/SPI/MSPI_program.o
                0x000019d8                SPI_enumSetCallback
 .text.SPI_voidSelectSlave
                0x000019e4        0x4 ./MCAL/SPI/MSPI_program.o
                0x000019e4                SPI_voidSelectSlave
 .text.SPI_voidDeselectSlave
                0x000019e8        0x4 ./MCAL/SPI/MSPI_program.o
                0x000019e8                SPI_voidDeselectSlave
 .text.MI2C_voidInit
                0x000019ec        0xe ./MCAL/I2C/MI2C_program.o
                0x000019ec                MI2C_voidInit
 .text.MI2C_u8Start
                0x000019fa       0x22 ./MCAL/I2C/MI2C_program.o
                0x000019fa                MI2C_u8Start
 .text.MI2C_u8SendAddress
                0x00001a1c       0x24 ./MCAL/I2C/MI2C_program.o
                0x00001a1c                MI2C_u8SendAddress
 .text.MI2C_u8WriteData
                0x00001a40       0x1c ./MCAL/I2C/MI2C_program.o
                0x00001a40                MI2C_u8WriteData
 .text.MI2C_u8ReadDataWithACK
                0x00001a5c       0x28 ./MCAL/I2C/MI2C_program.o
                0x00001a5c                MI2C_u8ReadDataWithACK
 .text.MI2C_u8ReadDataWithNACK
                0x00001a84       0x28 ./MCAL/I2C/MI2C_program.o
                0x00001a84                MI2C_u8ReadDataWithNACK
 .text.MI2C_voidStop
                0x00001aac        0x6 ./MCAL/I2C/MI2C_program.o
                0x00001aac                MI2C_voidStop
 .text.EXTI_voidConfigureInt0Sense
                0x00001ab2       0x44 ./MCAL/EXTI/MEXTI_program.o
 .text.EXTI_voidInit
                0x00001af6       0x14 ./MCAL/EXTI/MEXTI_program.o
                0x00001af6                EXTI_voidInit
 .text.EXTI_voidEnableGlobal
                0x00001b0a        0x8 ./MCAL/EXTI/MEXTI_program.o
                0x00001b0a                EXTI_voidEnableGlobal
 .text.EXTI_u8SetCallback
                0x00001b12       0x1c ./MCAL/EXTI/MEXTI_program.o
                0x00001b12                EXTI_u8SetCallback
 .text.EXTI_u8SetSense
                0x00001b2e       0x88 ./MCAL/EXTI/MEXTI_program.o
                0x00001b2e                EXTI_u8SetSense
 .text.__vector_1
                0x00001bb6       0x52 ./MCAL/EXTI/MEXTI_program.o
                0x00001bb6                __vector_1
 .text.MEEPROM_voidInit
                0x00001c08        0x4 ./MCAL/EEPROM/MEEPROM_program.o
                0x00001c08                MEEPROM_voidInit
 .text.MEEPROM_u8IsBusy
                0x00001c0c        0x8 ./MCAL/EEPROM/MEEPROM_program.o
                0x00001c0c                MEEPROM_u8IsBusy
 .text.MEEPROM_u8WriteByte
                0x00001c14       0x44 ./MCAL/EEPROM/MEEPROM_program.o
                0x00001c14                MEEPROM_u8WriteByte
 .text.MEEPROM_u8ReadByte
                0x00001c58       0x50 ./MCAL/EEPROM/MEEPROM_program.o
                0x00001c58                MEEPROM_u8ReadByte
 .text.MEEPROM_u8WriteBlock
                0x00001ca8       0x7a ./MCAL/EEPROM/MEEPROM_program.o
                0x00001ca8                MEEPROM_u8WriteBlock
 .text.MEEPROM_u8ReadBlock
                0x00001d22       0x76 ./MCAL/EEPROM/MEEPROM_program.o
                0x00001d22                MEEPROM_u8ReadBlock
 .text.DIO_voidInit
                0x00001d98       0x18 ./MCAL/DIO/MDIO_program.o
                0x00001d98                DIO_voidInit
 .text.DIO_enumSetPinDirection
                0x00001db0      0x104 ./MCAL/DIO/MDIO_program.o
                0x00001db0                DIO_enumSetPinDirection
 .text.DIO_enumSetPinValue
                0x00001eb4      0x104 ./MCAL/DIO/MDIO_program.o
                0x00001eb4                DIO_enumSetPinValue
 .text.DIO_enumGetPinValue
                0x00001fb8       0x5c ./MCAL/DIO/MDIO_program.o
                0x00001fb8                DIO_enumGetPinValue
 .text.DIO_enumSetPortDirection
                0x00002014       0x2c ./MCAL/DIO/MDIO_program.o
                0x00002014                DIO_enumSetPortDirection
 .text.DIO_enumSetPortValue
                0x00002040       0x2c ./MCAL/DIO/MDIO_program.o
                0x00002040                DIO_enumSetPortValue
 .text.DIO_enumGetPortValue
                0x0000206c       0x40 ./MCAL/DIO/MDIO_program.o
                0x0000206c                DIO_enumGetPortValue
 .text.DIO_enumTogglePinValue
                0x000020ac       0x7c ./MCAL/DIO/MDIO_program.o
                0x000020ac                DIO_enumTogglePinValue
 .text.ADC_enumStartConversion
                0x00002128       0x14 ./MCAL/ADC/MADC_program.o
                0x00002128                ADC_enumStartConversion
 .text.ADC_enumGetConversionStatus
                0x0000213c       0x26 ./MCAL/ADC/MADC_program.o
                0x0000213c                ADC_enumGetConversionStatus
 .text.ADC_enumReadResult
                0x00002162       0x38 ./MCAL/ADC/MADC_program.o
                0x00002162                ADC_enumReadResult
 .text.ADC_enumReadChannel
                0x0000219a       0x4e ./MCAL/ADC/MADC_program.o
                0x0000219a                ADC_enumReadChannel
 .text.ADC_u8SetCallback
                0x000021e8        0xc ./MCAL/ADC/MADC_program.o
                0x000021e8                ADC_u8SetCallback
 .text.ADC_voidInit
                0x000021f4       0x4a ./MCAL/ADC/MADC_program.o
                0x000021f4                ADC_voidInit
 .text.HSSD_voidDisable
                0x0000223e        0xc ./HAL/SSD/HSSD_program.o
                0x0000223e                HSSD_voidDisable
 .text.HSSD_voidEnable
                0x0000224a        0xc ./HAL/SSD/HSSD_program.o
                0x0000224a                HSSD_voidEnable
 .text.HSSD_voidDisplayNumber
                0x00002256       0x18 ./HAL/SSD/HSSD_program.o
                0x00002256                HSSD_voidDisplayNumber
 .text.HSSD_voidInit
                0x0000226e       0x14 ./HAL/SSD/HSSD_program.o
                0x0000226e                HSSD_voidInit
 .text.HSERVO_voidSetAngle
                0x00002282       0x34 ./HAL/SERVO/HSERVO_program.o
                0x00002282                HSERVO_voidSetAngle
 .text.HSERVO_voidInit
                0x000022b6        0xc ./HAL/SERVO/HSERVO_program.o
                0x000022b6                HSERVO_voidInit
 .text.HPB_enumGetState
                0x000022c2       0x1a ./HAL/PB/HPB_program.o
                0x000022c2                HPB_enumGetState
 .text.HPB_enumGetEdge
                0x000022dc       0x30 ./HAL/PB/HPB_program.o
                0x000022dc                HPB_enumGetEdge
 .text.HPB_voidGetState
                0x0000230c       0x52 ./HAL/PB/HPB_program.o
                0x0000230c                HPB_voidGetState
 .text.HPB_voidUpdate
                0x0000235e       0x86 ./HAL/PB/HPB_program.o
                0x0000235e                HPB_voidUpdate
 .text.HPB_voidInit
                0x000023e4       0x30 ./HAL/PB/HPB_program.o
                0x000023e4                HPB_voidInit
 .text.HPB_enumInit
                0x00002414       0x50 ./HAL/PB/HPB_program.o
                0x00002414                HPB_enumInit
 .text.LM35_enumReadTemperature
                0x00002464       0x7c ./HAL/LM35/HLM35_program.o
                0x00002464                LM35_enumReadTemperature
 .text.HLED_voidToggleLed
                0x000024e0       0x46 ./HAL/LED/HLED_program.o
                0x000024e0                HLED_voidToggleLed
 .text.HLED_voidSetLed
                0x00002526       0x14 ./HAL/LED/HLED_program.o
                0x00002526                HLED_voidSetLed
 .text.HLED_voidClearAll
                0x0000253a       0x18 ./HAL/LED/HLED_program.o
                0x0000253a                HLED_voidClearAll
 .text.HLED_voidWritePattern
                0x00002552       0x3a ./HAL/LED/HLED_program.o
                0x00002552                HLED_voidWritePattern
 .text.HLED_voidSetSection
                0x0000258c       0x2a ./HAL/LED/HLED_program.o
                0x0000258c                HLED_voidSetSection
 .text.HLED_voidInit
                0x000025b6       0x1c ./HAL/LED/HLED_program.o
                0x000025b6                HLED_voidInit
 .text.HLCD_I2C_voidSendI2CByte
                0x000025d2       0x1c ./HAL/LCD_I2C/HLCD_I2C_program.o
 .text.HLCD_I2C_voidWriteNibble
                0x000025ee       0x3e ./HAL/LCD_I2C/HLCD_I2C_program.o
 .text.HLCD_I2C_voidSendData
                0x0000262c       0x1c ./HAL/LCD_I2C/HLCD_I2C_program.o
                0x0000262c                HLCD_I2C_voidSendData
 .text.HLCD_I2C_voidSendNumber
                0x00002648       0xc0 ./HAL/LCD_I2C/HLCD_I2C_program.o
                0x00002648                HLCD_I2C_voidSendNumber
 .text.HLCD_I2C_voidSendString
                0x00002708       0x2a ./HAL/LCD_I2C/HLCD_I2C_program.o
                0x00002708                HLCD_I2C_voidSendString
 .text.HLCD_I2C_voidSendFrequency
                0x00002732       0xac ./HAL/LCD_I2C/HLCD_I2C_program.o
                0x00002732                HLCD_I2C_voidSendFrequency
 .text.HLCD_I2C_voidSendCommand
                0x000027de       0x1c ./HAL/LCD_I2C/HLCD_I2C_program.o
                0x000027de                HLCD_I2C_voidSendCommand
 .text.HLCD_I2C_voidCreateCustomChar
                0x000027fa       0x4e ./HAL/LCD_I2C/HLCD_I2C_program.o
                0x000027fa                HLCD_I2C_voidCreateCustomChar
 .text.HLCD_I2C_voidSendStringTypingEffect
                0x00002848       0x78 ./HAL/LCD_I2C/HLCD_I2C_program.o
                0x00002848                HLCD_I2C_voidSendStringTypingEffect
 .text.HLCD_I2C_voidClearScreen
                0x000028c0        0x8 ./HAL/LCD_I2C/HLCD_I2C_program.o
                0x000028c0                HLCD_I2C_voidClearScreen
 .text.HLCD_I2C_voidGoToXY
                0x000028c8       0x26 ./HAL/LCD_I2C/HLCD_I2C_program.o
                0x000028c8                HLCD_I2C_voidGoToXY
 .text.HLCD_I2C_voidInit
                0x000028ee       0xe4 ./HAL/LCD_I2C/HLCD_I2C_program.o
                0x000028ee                HLCD_I2C_voidInit
 .text.HLCD_voidWriteNibble
                0x000029d2       0x40 ./HAL/LCD/HLCD_program.o
 .text.HLCD_voidEnablePulse
                0x00002a12       0x2e ./HAL/LCD/HLCD_program.o
 .text.HLCD_voidSendData
                0x00002a40       0x36 ./HAL/LCD/HLCD_program.o
                0x00002a40                HLCD_voidSendData
 .text.HLCD_voidSendNumber
                0x00002a76       0xc0 ./HAL/LCD/HLCD_program.o
                0x00002a76                HLCD_voidSendNumber
 .text.HLCD_voidSendString
                0x00002b36       0x2a ./HAL/LCD/HLCD_program.o
                0x00002b36                HLCD_voidSendString
 .text.HLCD_voidSendFrequency
                0x00002b60       0xac ./HAL/LCD/HLCD_program.o
                0x00002b60                HLCD_voidSendFrequency
 .text.HLCD_voidSendCommand
                0x00002c0c       0x36 ./HAL/LCD/HLCD_program.o
                0x00002c0c                HLCD_voidSendCommand
 .text.HLCD_voidCreateCustomChar
                0x00002c42       0x4e ./HAL/LCD/HLCD_program.o
                0x00002c42                HLCD_voidCreateCustomChar
 .text.HLCD_voidSendStringTypingEffect
                0x00002c90       0x78 ./HAL/LCD/HLCD_program.o
                0x00002c90                HLCD_voidSendStringTypingEffect
 .text.HLCD_voidClearScreen
                0x00002d08        0x8 ./HAL/LCD/HLCD_program.o
                0x00002d08                HLCD_voidClearScreen
 .text.HLCD_voidGoToXY
                0x00002d10       0x26 ./HAL/LCD/HLCD_program.o
                0x00002d10                HLCD_voidGoToXY
 .text.HLCD_voidInit
                0x00002d36      0x132 ./HAL/LCD/HLCD_program.o
                0x00002d36                HLCD_voidInit
 .text.KPD_I2C_u8ReadI2CByte
                0x00002e68       0x38 ./HAL/KPD_I2C/KPD_I2C_program.o
 .text.KPD_I2C_voidSendI2CByte
                0x00002ea0       0x24 ./HAL/KPD_I2C/KPD_I2C_program.o
 .text.KPD_I2C_voidInit
                0x00002ec4       0x12 ./HAL/KPD_I2C/KPD_I2C_program.o
                0x00002ec4                KPD_I2C_voidInit
 .text.KPD_I2C_u8ScanKey
                0x00002ed6       0xb4 ./HAL/KPD_I2C/KPD_I2C_program.o
                0x00002ed6                KPD_I2C_u8ScanKey
 .text.KPD_I2C_u8GetPressedKey
                0x00002f8a       0x62 ./HAL/KPD_I2C/KPD_I2C_program.o
                0x00002f8a                KPD_I2C_u8GetPressedKey
 .text.KPD_u8ScanKey
                0x00002fec       0xf8 ./HAL/KPD/KPD_program.o
                0x00002fec                KPD_u8ScanKey
 .text.KPD_u8GetPressedKey
                0x000030e4       0x1a ./HAL/KPD/KPD_program.o
                0x000030e4                KPD_u8GetPressedKey
 .text.KPD_voidInit
                0x000030fe       0x52 ./HAL/KPD/KPD_program.o
                0x000030fe                KPD_voidInit
 .text.HEEPROM_u8ReadByte
                0x00003150       0x7c ./HAL/EEPROM/HEEPROM_program.o
                0x00003150                HEEPROM_u8ReadByte
 .text.HEEPROM_u8WriteByte
                0x000031cc       0x98 ./HAL/EEPROM/HEEPROM_program.o
                0x000031cc                HEEPROM_u8WriteByte
 .text.HEEPROM_voidInit
                0x00003264        0x6 ./HAL/EEPROM/HEEPROM_program.o
                0x00003264                HEEPROM_voidInit
 .text.HDCMOTOR_enumGetDirection
                0x0000326a       0x1a ./HAL/DCMOTOR/HDCMOTOR_program.o
                0x0000326a                HDCMOTOR_enumGetDirection
 .text.HDCMOTOR_enumGetState
                0x00003284        0xe ./HAL/DCMOTOR/HDCMOTOR_program.o
                0x00003284                HDCMOTOR_enumGetState
 .text.HDCMOTOR_voidSetRelayPins
                0x00003292       0x66 ./HAL/DCMOTOR/HDCMOTOR_program.o
 .text.HDCMOTOR_voidUpdate
                0x000032f8       0x66 ./HAL/DCMOTOR/HDCMOTOR_program.o
                0x000032f8                HDCMOTOR_voidUpdate
 .text.HDCMOTOR_voidDeenergizeRelays
                0x0000335e       0x16 ./HAL/DCMOTOR/HDCMOTOR_program.o
 .text.HDCMOTOR_enumRequestStop
                0x00003374       0x2c ./HAL/DCMOTOR/HDCMOTOR_program.o
                0x00003374                HDCMOTOR_enumRequestStop
 .text.HDCMOTOR_voidStop
                0x000033a0        0x6 ./HAL/DCMOTOR/HDCMOTOR_program.o
                0x000033a0                HDCMOTOR_voidStop
 .text.HDCMOTOR_enumRequestRun
                0x000033a6       0xa0 ./HAL/DCMOTOR/HDCMOTOR_program.o
                0x000033a6                HDCMOTOR_enumRequestRun
 .text.HDCMOTOR_voidRun
                0x00003446       0x30 ./HAL/DCMOTOR/HDCMOTOR_program.o
                0x00003446                HDCMOTOR_voidRun
 .text.HDCMOTOR_enumInit
                0x00003476       0x42 ./HAL/DCMOTOR/HDCMOTOR_program.o
                0x00003476                HDCMOTOR_enumInit
 .text.HDCMOTOR_voidInit
                0x000034b8        0x6 ./HAL/DCMOTOR/HDCMOTOR_program.o
                0x000034b8                HDCMOTOR_voidInit
 .text.HBUZZER_voidCompareCallback
                0x000034be        0xa ./HAL/BUZZER/HBUZZER_program.o
 .text.HBUZZER_voidStop
                0x000034c8       0x14 ./HAL/BUZZER/HBUZZER_program.o
                0x000034c8                HBUZZER_voidStop
 .text.HBUZZER_voidSetSection
                0x000034dc       0x14 ./HAL/BUZZER/HBUZZER_program.o
                0x000034dc                HBUZZER_voidSetSection
 .text.HBUZZER_voidInit
                0x000034f0       0x20 ./HAL/BUZZER/HBUZZER_program.o
                0x000034f0                HBUZZER_voidInit
 .text.APP_voidSaveSettings
                0x00003510       0x7c ./APP/main.o
 .text.APP_voidUpdateDisplay
                0x0000358c       0xa6 ./APP/main.o
 .text.main     0x00003632      0x3ee ./APP/main.o
                0x00003632                main
 .text.libgcc   0x00003a20       0x3e f:/iti/01- embedded systems avr tools/01- imt sdk/imt_sdk_win_64/winavr/bin/../lib/gcc/avr/4.3.3/avr5\libgcc.a(_mulsi3.o)
                0x00003a20                __mulsi3
 .text.libgcc   0x00003a5e       0x44 f:/iti/01- embedded systems avr tools/01- imt sdk/imt_sdk_win_64/winavr/bin/../lib/gcc/avr/4.3.3/avr5\libgcc.a(_udivmodsi4.o)
                0x00003a5e                __udivmodsi4
 .text.libgcc   0x00003aa2        0x0 f:/iti/01- embedded systems avr tools/01- imt sdk/imt_sdk_win_64/winavr/bin/../lib/gcc/avr/4.3.3/avr5\libgcc.a(_exit.o)
 .text.libgcc   0x00003aa2        0x0 f:/iti/01- embedded systems avr tools/01- imt sdk/imt_sdk_win_64/winavr/bin/../lib/gcc/avr/4.3.3/avr5\libgcc.a(_copy_data.o)
 .text.libgcc   0x00003aa2        0x0 f:/iti/01- embedded systems avr tools/01- imt sdk/imt_sdk_win_64/winavr/bin/../lib/gcc/avr/4.3.3/avr5\libgcc.a(_clear_bss.o)
 .text.libgcc   0x00003aa2       0x38 f:/iti/01- embedded systems avr tools/01- imt sdk/imt_sdk_win_64/winavr/bin/../lib/gcc/avr/4.3.3/avr5\libgcc.a(_prologue.o)
                0x00003aa2                __prologue_saves__
 .text.libgcc   0x00003ada       0x36 f:/iti/01- embedded systems avr tools/01- imt sdk/imt_sdk_win_64/winavr/bin/../lib/gcc/avr/4.3.3/avr5\libgcc.a(_epilogue.o)
                0x00003ada                __epilogue_restores__
                0x00003b10                . = ALIGN (0x2)
 *(.fini9)
 .fini9         0x00003b10        0x0 f:/iti/01- embedded systems avr tools/01- imt sdk/imt_sdk_win_64/winavr/bin/../lib/gcc/avr/4.3.3/avr5\libgcc.a(_exit.o)
                0x00003b10                exit
                0x00003b10                _exit
 *(.fini9)
 *(.fini8)
 *(.fini8)
 *(.fini7)
 *(.fini7)
 *(.fini6)
 *(.fini6)
 *(.fini5)
 *(.fini5)
 *(.fini4)
 *(.fini4)
 *(.fini3)
 *(.fini3)
 *(.fini2)
 *(.fini2)
 *(.fini1)
 *(.fini1)
 *(.fini0)
 .fini0         0x00003b10        0x4 f:/iti/01- embedded systems avr tools/01- imt sdk/imt_sdk_win_64/winavr/bin/../lib/gcc/avr/4.3.3/avr5\libgcc.a(_exit.o)
 *(.fini0)
                0x00003b14                _etext = .

.data           0x00800060      0x20c load address 0x00003b14
                0x00800060                PROVIDE (__data_start, .)
 *(.data)
 .data          0x00800060        0x0 f:/iti/01- embedded systems avr tools/01- imt sdk/imt_sdk_win_64/winavr/bin/../lib/gcc/avr/4.3.3/../../../../avr/lib/avr5/crtm32.o
 .data          0x00800060        0x0 ./SERVICES/RTOS/RTOS_program.o
 .data          0x00800060        0x0 ./SERVICES/DDS/DDS_lut.o
 .data          0x00800060        0x0 ./SERVICES/DDS/DDS_program.o
 .data          0x00800060        0x0 ./MCAL/USART/MUSART_program.o
 .data          0x00800060        0x0 ./MCAL/TIMER/MTIMER_program.o
 .data          0x00800060        0x0 ./MCAL/SPI/MSPI_program.o
 .data          0x00800060        0x0 ./MCAL/I2C/MI2C_program.o
 .data          0x00800060        0x0 ./MCAL/EXTI/MEXTI_program.o
 .data          0x00800060        0x0 ./MCAL/EEPROM/MEEPROM_program.o
 .data          0x00800060        0x0 ./MCAL/DIO/MDIO_program.o
 .data          0x00800060        0x0 ./MCAL/ADC/MADC_program.o
 .data          0x00800060        0x0 ./HAL/SSD/HSSD_program.o
 .data          0x00800060        0x0 ./HAL/SERVO/HSERVO_program.o
 .data          0x00800060        0x0 ./HAL/PB/HPB_program.o
 .data          0x00800060        0x0 ./HAL/LM35/HLM35_program.o
 .data          0x00800060        0x0 ./HAL/LED/HLED_program.o
 .data          0x00800060        0xb ./HAL/LCD_I2C/HLCD_I2C_program.o
 .data          0x0080006b        0xb ./HAL/LCD/HLCD_program.o
 .data          0x00800076        0x0 ./HAL/KPD_I2C/KPD_I2C_program.o
 .data          0x00800076        0x0 ./HAL/KPD/KPD_program.o
 .data          0x00800076        0x0 ./HAL/EEPROM/HEEPROM_program.o
 .data          0x00800076        0x0 ./HAL/DCMOTOR/HDCMOTOR_program.o
 .data          0x00800076        0x0 ./HAL/BUZZER/HBUZZER_program.o
 .data          0x00800076       0x58 ./APP/main.o
 .data          0x008000ce        0x0 f:/iti/01- embedded systems avr tools/01- imt sdk/imt_sdk_win_64/winavr/bin/../lib/gcc/avr/4.3.3/avr5\libgcc.a(_mulsi3.o)
 .data          0x008000ce        0x0 f:/iti/01- embedded systems avr tools/01- imt sdk/imt_sdk_win_64/winavr/bin/../lib/gcc/avr/4.3.3/avr5\libgcc.a(_udivmodsi4.o)
 .data          0x008000ce        0x0 f:/iti/01- embedded systems avr tools/01- imt sdk/imt_sdk_win_64/winavr/bin/../lib/gcc/avr/4.3.3/avr5\libgcc.a(_exit.o)
 .data          0x008000ce        0x0 f:/iti/01- embedded systems avr tools/01- imt sdk/imt_sdk_win_64/winavr/bin/../lib/gcc/avr/4.3.3/avr5\libgcc.a(_copy_data.o)
 .data          0x008000ce        0x0 f:/iti/01- embedded systems avr tools/01- imt sdk/imt_sdk_win_64/winavr/bin/../lib/gcc/avr/4.3.3/avr5\libgcc.a(_clear_bss.o)
 .data          0x008000ce        0x0 f:/iti/01- embedded systems avr tools/01- imt sdk/imt_sdk_win_64/winavr/bin/../lib/gcc/avr/4.3.3/avr5\libgcc.a(_ashldi3.o)
 .data          0x008000ce        0x0 f:/iti/01- embedded systems avr tools/01- imt sdk/imt_sdk_win_64/winavr/bin/../lib/gcc/avr/4.3.3/avr5\libgcc.a(_udivdi3.o)
 .data          0x008000ce        0x0 f:/iti/01- embedded systems avr tools/01- imt sdk/imt_sdk_win_64/winavr/bin/../lib/gcc/avr/4.3.3/avr5\libgcc.a(_prologue.o)
 .data          0x008000ce        0x0 f:/iti/01- embedded systems avr tools/01- imt sdk/imt_sdk_win_64/winavr/bin/../lib/gcc/avr/4.3.3/avr5\libgcc.a(_epilogue.o)
 .data          0x008000ce      0x100 f:/iti/01- embedded systems avr tools/01- imt sdk/imt_sdk_win_64/winavr/bin/../lib/gcc/avr/4.3.3/avr5\libgcc.a(_clz.o)
                0x008000ce                __clz_tab
 *(.data*)
 .data.s_u32CurrentFreqHz
                0x008001ce        0x4 ./SERVICES/DDS/DDS_program.o
 .data.s_u16CurrentPulseUs
                0x008001d2        0x2 ./HAL/SERVO/HSERVO_program.o
 .data.s_u8LastKey.1301
                0x008001d4        0x1 ./HAL/KPD/KPD_program.o
 .data.s_u8DisplayDirty
                0x008001d5        0x1 ./APP/main.o
 .data.s_u32Multiplier
                0x008001d6        0x4 ./APP/main.o
 .data.s_u16LastAdc.1571
                0x008001da        0x2 ./APP/main.o
 *(.rodata)
 *(.rodata*)
 .rodata.s_acWaveNames
                0x008001dc       0x2d ./SERVICES/DDS/DDS_program.o
 .rodata.HSSD_u8NumbersCC
                0x00800209        0xa ./HAL/SSD/HSSD_program.o
 .rodata.Local_u8KPDArr
                0x00800213       0x40 ./HAL/KPD_I2C/KPD_I2C_program.o
 .rodata.Local_u8RowArr
                0x00800253        0x4 ./HAL/KPD/KPD_program.o
 .rodata.Local_u8ColArr
                0x00800257        0x4 ./HAL/KPD/KPD_program.o
 .rodata.Local_u8KPDArr
                0x0080025b       0x10 ./HAL/KPD/KPD_program.o
 *(.gnu.linkonce.d*)
                0x0080026c                . = ALIGN (0x2)
 *fill*         0x0080026b        0x1 00
                0x0080026c                _edata = .
                0x0080026c                PROVIDE (__data_end, .)

.bss            0x0080026c       0x75
                0x0080026c                PROVIDE (__bss_start, .)
 *(.bss)
 .bss           0x0080026c        0x0 f:/iti/01- embedded systems avr tools/01- imt sdk/imt_sdk_win_64/winavr/bin/../lib/gcc/avr/4.3.3/../../../../avr/lib/avr5/crtm32.o
 .bss           0x0080026c        0x0 ./SERVICES/RTOS/RTOS_program.o
 .bss           0x0080026c        0x0 ./SERVICES/DDS/DDS_lut.o
 .bss           0x0080026c        0x0 ./SERVICES/DDS/DDS_program.o
 .bss           0x0080026c        0x0 ./MCAL/USART/MUSART_program.o
 .bss           0x0080026c        0x0 ./MCAL/TIMER/MTIMER_program.o
 .bss           0x0080026c        0x0 ./MCAL/SPI/MSPI_program.o
 .bss           0x0080026c        0x0 ./MCAL/I2C/MI2C_program.o
 .bss           0x0080026c        0x0 ./MCAL/EXTI/MEXTI_program.o
 .bss           0x0080026c        0x0 ./MCAL/EEPROM/MEEPROM_program.o
 .bss           0x0080026c        0x0 ./MCAL/DIO/MDIO_program.o
 .bss           0x0080026c        0x0 ./MCAL/ADC/MADC_program.o
 .bss           0x0080026c        0x0 ./HAL/SSD/HSSD_program.o
 .bss           0x0080026c        0x0 ./HAL/SERVO/HSERVO_program.o
 .bss           0x0080026c        0x0 ./HAL/PB/HPB_program.o
 .bss           0x0080026c        0x0 ./HAL/LM35/HLM35_program.o
 .bss           0x0080026c        0x0 ./HAL/LED/HLED_program.o
 .bss           0x0080026c        0x0 ./HAL/LCD_I2C/HLCD_I2C_program.o
 .bss           0x0080026c        0x0 ./HAL/LCD/HLCD_program.o
 .bss           0x0080026c        0x0 ./HAL/KPD_I2C/KPD_I2C_program.o
 .bss           0x0080026c        0x0 ./HAL/KPD/KPD_program.o
 .bss           0x0080026c        0x0 ./HAL/EEPROM/HEEPROM_program.o
 .bss           0x0080026c        0x0 ./HAL/DCMOTOR/HDCMOTOR_program.o
 .bss           0x0080026c        0x0 ./HAL/BUZZER/HBUZZER_program.o
 .bss           0x0080026c        0x0 ./APP/main.o
 .bss           0x0080026c        0x0 f:/iti/01- embedded systems avr tools/01- imt sdk/imt_sdk_win_64/winavr/bin/../lib/gcc/avr/4.3.3/avr5\libgcc.a(_mulsi3.o)
 .bss           0x0080026c        0x0 f:/iti/01- embedded systems avr tools/01- imt sdk/imt_sdk_win_64/winavr/bin/../lib/gcc/avr/4.3.3/avr5\libgcc.a(_udivmodsi4.o)
 .bss           0x0080026c        0x0 f:/iti/01- embedded systems avr tools/01- imt sdk/imt_sdk_win_64/winavr/bin/../lib/gcc/avr/4.3.3/avr5\libgcc.a(_exit.o)
 .bss           0x0080026c        0x0 f:/iti/01- embedded systems avr tools/01- imt sdk/imt_sdk_win_64/winavr/bin/../lib/gcc/avr/4.3.3/avr5\libgcc.a(_copy_data.o)
 .bss           0x0080026c        0x0 f:/iti/01- embedded systems avr tools/01- imt sdk/imt_sdk_win_64/winavr/bin/../lib/gcc/avr/4.3.3/avr5\libgcc.a(_clear_bss.o)
 .bss           0x0080026c        0x0 f:/iti/01- embedded systems avr tools/01- imt sdk/imt_sdk_win_64/winavr/bin/../lib/gcc/avr/4.3.3/avr5\libgcc.a(_ashldi3.o)
 .bss           0x0080026c        0x0 f:/iti/01- embedded systems avr tools/01- imt sdk/imt_sdk_win_64/winavr/bin/../lib/gcc/avr/4.3.3/avr5\libgcc.a(_udivdi3.o)
 .bss           0x0080026c        0x0 f:/iti/01- embedded systems avr tools/01- imt sdk/imt_sdk_win_64/winavr/bin/../lib/gcc/avr/4.3.3/avr5\libgcc.a(_prologue.o)
 .bss           0x0080026c        0x0 f:/iti/01- embedded systems avr tools/01- imt sdk/imt_sdk_win_64/winavr/bin/../lib/gcc/avr/4.3.3/avr5\libgcc.a(_epilogue.o)
 .bss           0x0080026c        0x0 f:/iti/01- embedded systems avr tools/01- imt sdk/imt_sdk_win_64/winavr/bin/../lib/gcc/avr/4.3.3/avr5\libgcc.a(_clz.o)
 *(.bss*)
 .bss.RTOS_u8SchedulerFlag
                0x0080026c        0x1 ./SERVICES/RTOS/RTOS_program.o
 .bss.RTOS_Tasks
                0x0080026d       0x4b ./SERVICES/RTOS/RTOS_program.o
 .bss.s_u32PhaseAcc
                0x008002b8        0x4 ./SERVICES/DDS/DDS_program.o
 .bss.s_u32PhaseInc
                0x008002bc        0x4 ./SERVICES/DDS/DDS_program.o
 .bss.s_u8WaveType
                0x008002c0        0x1 ./SERVICES/DDS/DDS_program.o
 .bss.s_apvOverflowCallbacks
                0x008002c1        0x6 ./MCAL/TIMER/MTIMER_program.o
 .bss.s_u32Millis
                0x008002c7        0x4 ./MCAL/TIMER/MTIMER_program.o
 .bss.s_apvCompareCallbacks
                0x008002cb        0x6 ./MCAL/TIMER/MTIMER_program.o
 .bss.s_pvTransferCallback
                0x008002d1        0x2 ./MCAL/SPI/MSPI_program.o
 .bss.s_apvCallbacks
                0x008002d3        0x6 ./MCAL/EXTI/MEXTI_program.o
 .bss.s_pvConversionCallback
                0x008002d9        0x2 ./MCAL/ADC/MADC_program.o
 .bss.s_u8IsTyping
                0x008002db        0x1 ./APP/main.o
 .bss.s_u32TypedFreq
                0x008002dc        0x4 ./APP/main.o
 .bss.s_u8LcdDivCounter
                0x008002e0        0x1 ./APP/main.o
 *(COMMON)
                0x008002e1                PROVIDE (__bss_end, .)
                0x00003b14                __data_load_start = LOADADDR (.data)
                0x00003d20                __data_load_end = (__data_load_start + SIZEOF (.data))

.noinit         0x008002e1        0x0
                0x008002e1                PROVIDE (__noinit_start, .)
 *(.noinit*)
                0x008002e1                PROVIDE (__noinit_end, .)
                0x008002e1                _end = .
                0x008002e1                PROVIDE (__heap_start, .)

.eeprom         0x00810000        0x0
 *(.eeprom*)
                0x00810000                __eeprom_end = .

.fuse
 *(.fuse)
 *(.lfuse)
 *(.hfuse)
 *(.efuse)

.lock
 *(.lock*)

.signature
 *(.signature*)

.stab           0x00000000     0x9120
 *(.stab)
 .stab          0x00000000      0x60c ./SERVICES/RTOS/RTOS_program.o
 .stab          0x0000060c      0x498 ./SERVICES/DDS/DDS_lut.o
                                0x4a4 (size before relaxing)
 .stab          0x00000aa4      0x69c ./SERVICES/DDS/DDS_program.o
                                0x9fc (size before relaxing)
 .stab          0x00001140      0x468 ./MCAL/USART/MUSART_program.o
                                0x624 (size before relaxing)
 .stab          0x000015a8      0x66c ./MCAL/TIMER/MTIMER_program.o
                                0x834 (size before relaxing)
 .stab          0x00001c14      0x720 ./MCAL/SPI/MSPI_program.o
                                0x8dc (size before relaxing)
 .stab          0x00002334      0x4bc ./MCAL/I2C/MI2C_program.o
                                0x678 (size before relaxing)
 .stab          0x000027f0      0x4f8 ./MCAL/EXTI/MEXTI_program.o
                                0x6c0 (size before relaxing)
 .stab          0x00002ce8      0x654 ./MCAL/EEPROM/MEEPROM_program.o
                                0x810 (size before relaxing)
 .stab          0x0000333c      0x8ac ./MCAL/DIO/MDIO_program.o
                                0x8b8 (size before relaxing)
 .stab          0x00003be8      0x648 ./MCAL/ADC/MADC_program.o
                                0x810 (size before relaxing)
 .stab          0x00004230      0x300 ./HAL/SSD/HSSD_program.o
                                0x30c (size before relaxing)
 .stab          0x00004530      0x2ac ./HAL/SERVO/HSERVO_program.o
                                0x2b8 (size before relaxing)
 .stab          0x000047dc      0x708 ./HAL/PB/HPB_program.o
                                0x714 (size before relaxing)
 .stab          0x00004ee4      0x30c ./HAL/LM35/HLM35_program.o
                                0x318 (size before relaxing)
 .stab          0x000051f0      0x4bc ./HAL/LED/HLED_program.o
                                0x4c8 (size before relaxing)
 .stab          0x000056ac      0xa50 ./HAL/LCD_I2C/HLCD_I2C_program.o
                                0xa5c (size before relaxing)
 .stab          0x000060fc      0xac8 ./HAL/LCD/HLCD_program.o
                                0xad4 (size before relaxing)
 .stab          0x00006bc4      0x594 ./HAL/KPD_I2C/KPD_I2C_program.o
                                0x5a0 (size before relaxing)
 .stab          0x00007158      0x480 ./HAL/KPD/KPD_program.o
                                0x48c (size before relaxing)
 .stab          0x000075d8      0x438 ./HAL/EEPROM/HEEPROM_program.o
                                0x444 (size before relaxing)
 .stab          0x00007a10      0x810 ./HAL/DCMOTOR/HDCMOTOR_program.o
                                0x81c (size before relaxing)
 .stab          0x00008220      0x378 ./HAL/BUZZER/HBUZZER_program.o
                                0x534 (size before relaxing)
 .stab          0x00008598      0xb88 ./APP/main.o
                                0xd50 (size before relaxing)

.stabstr        0x00000000     0x4a43
 *(.stabstr)
 .stabstr       0x00000000     0x4a43 ./SERVICES/RTOS/RTOS_program.o

.stab.excl
 *(.stab.excl)

.stab.exclstr
 *(.stab.exclstr)

.stab.index
 *(.stab.index)

.stab.indexstr
 *(.stab.indexstr)

.comment
 *(.comment)

.debug
 *(.debug)

.line
 *(.line)

.debug_srcinfo
 *(.debug_srcinfo)

.debug_sfnames
 *(.debug_sfnames)

.debug_aranges  0x00000000       0x40
 *(.debug_aranges)
 .debug_aranges
                0x00000000       0x20 f:/iti/01- embedded systems avr tools/01- imt sdk/imt_sdk_win_64/winavr/bin/../lib/gcc/avr/4.3.3/avr5\libgcc.a(_ashldi3.o)
 .debug_aranges
                0x00000020       0x20 f:/iti/01- embedded systems avr tools/01- imt sdk/imt_sdk_win_64/winavr/bin/../lib/gcc/avr/4.3.3/avr5\libgcc.a(_udivdi3.o)

.debug_pubnames
                0x00000000       0x60
 *(.debug_pubnames)
 .debug_pubnames
                0x00000000       0x20 f:/iti/01- embedded systems avr tools/01- imt sdk/imt_sdk_win_64/winavr/bin/../lib/gcc/avr/4.3.3/avr5\libgcc.a(_ashldi3.o)
 .debug_pubnames
                0x00000020       0x20 f:/iti/01- embedded systems avr tools/01- imt sdk/imt_sdk_win_64/winavr/bin/../lib/gcc/avr/4.3.3/avr5\libgcc.a(_udivdi3.o)
 .debug_pubnames
                0x00000040       0x20 f:/iti/01- embedded systems avr tools/01- imt sdk/imt_sdk_win_64/winavr/bin/../lib/gcc/avr/4.3.3/avr5\libgcc.a(_clz.o)

.debug_info     0x00000000      0x946
 *(.debug_info)
 .debug_info    0x00000000      0x17f f:/iti/01- embedded systems avr tools/01- imt sdk/imt_sdk_win_64/winavr/bin/../lib/gcc/avr/4.3.3/avr5\libgcc.a(_ashldi3.o)
 .debug_info    0x0000017f      0x71e f:/iti/01- embedded systems avr tools/01- imt sdk/imt_sdk_win_64/winavr/bin/../lib/gcc/avr/4.3.3/avr5\libgcc.a(_udivdi3.o)
 .debug_info    0x0000089d       0xa9 f:/iti/01- embedded systems avr tools/01- imt sdk/imt_sdk_win_64/winavr/bin/../lib/gcc/avr/4.3.3/avr5\libgcc.a(_clz.o)
 *(.gnu.linkonce.wi.*)

.debug_abbrev   0x00000000      0x2d9
 *(.debug_abbrev)
 .debug_abbrev  0x00000000       0xee f:/iti/01- embedded systems avr tools/01- imt sdk/imt_sdk_win_64/winavr/bin/../lib/gcc/avr/4.3.3/avr5\libgcc.a(_ashldi3.o)
 .debug_abbrev  0x000000ee      0x181 f:/iti/01- embedded systems avr tools/01- imt sdk/imt_sdk_win_64/winavr/bin/../lib/gcc/avr/4.3.3/avr5\libgcc.a(_udivdi3.o)
 .debug_abbrev  0x0000026f       0x6a f:/iti/01- embedded systems avr tools/01- imt sdk/imt_sdk_win_64/winavr/bin/../lib/gcc/avr/4.3.3/avr5\libgcc.a(_clz.o)

.debug_line     0x00000000      0x32b
 *(.debug_line)
 .debug_line    0x00000000       0xd7 f:/iti/01- embedded systems avr tools/01- imt sdk/imt_sdk_win_64/winavr/bin/../lib/gcc/avr/4.3.3/avr5\libgcc.a(_ashldi3.o)
 .debug_line    0x000000d7      0x1d8 f:/iti/01- embedded systems avr tools/01- imt sdk/imt_sdk_win_64/winavr/bin/../lib/gcc/avr/4.3.3/avr5\libgcc.a(_udivdi3.o)
 .debug_line    0x000002af       0x7c f:/iti/01- embedded systems avr tools/01- imt sdk/imt_sdk_win_64/winavr/bin/../lib/gcc/avr/4.3.3/avr5\libgcc.a(_clz.o)

.debug_frame    0x00000000       0x40
 *(.debug_frame)
 .debug_frame   0x00000000       0x20 f:/iti/01- embedded systems avr tools/01- imt sdk/imt_sdk_win_64/winavr/bin/../lib/gcc/avr/4.3.3/avr5\libgcc.a(_ashldi3.o)
 .debug_frame   0x00000020       0x20 f:/iti/01- embedded systems avr tools/01- imt sdk/imt_sdk_win_64/winavr/bin/../lib/gcc/avr/4.3.3/avr5\libgcc.a(_udivdi3.o)

.debug_str      0x00000000      0x160
 *(.debug_str)
 .debug_str     0x00000000       0xe4 f:/iti/01- embedded systems avr tools/01- imt sdk/imt_sdk_win_64/winavr/bin/../lib/gcc/avr/4.3.3/avr5\libgcc.a(_ashldi3.o)
                                0x131 (size before relaxing)
 .debug_str     0x000000e4       0x7c f:/iti/01- embedded systems avr tools/01- imt sdk/imt_sdk_win_64/winavr/bin/../lib/gcc/avr/4.3.3/avr5\libgcc.a(_udivdi3.o)
                                0x18a (size before relaxing)
 .debug_str     0x00000000       0xf4 f:/iti/01- embedded systems avr tools/01- imt sdk/imt_sdk_win_64/winavr/bin/../lib/gcc/avr/4.3.3/avr5\libgcc.a(_clz.o)

.debug_loc      0x00000000      0xf6c
 *(.debug_loc)
 .debug_loc     0x00000000       0xf8 f:/iti/01- embedded systems avr tools/01- imt sdk/imt_sdk_win_64/winavr/bin/../lib/gcc/avr/4.3.3/avr5\libgcc.a(_ashldi3.o)
 .debug_loc     0x000000f8      0xe74 f:/iti/01- embedded systems avr tools/01- imt sdk/imt_sdk_win_64/winavr/bin/../lib/gcc/avr/4.3.3/avr5\libgcc.a(_udivdi3.o)

.debug_macinfo
 *(.debug_macinfo)
OUTPUT(Final_Project.elf elf32-avr)
LOAD linker stubs

.debug_ranges   0x00000000       0x18
 .debug_ranges  0x00000000       0x18 f:/iti/01- embedded systems avr tools/01- imt sdk/imt_sdk_win_64/winavr/bin/../lib/gcc/avr/4.3.3/avr5\libgcc.a(_udivdi3.o)
